// Jest Snapshot v1, https://goo.gl/fbAQLP

exports[`Testing AppNav component should match snapshot 1`] = `
<div>
  <nav
    class="app-nav navbar navbar-light"
  >
    <button
      aria-controls="offcanvasNavbar"
      aria-label="Toggle navigation"
      class="app-nav__toggler navbar-toggler collapsed"
      type="button"
    >
      <span
        class="navbar-toggler-icon"
      />
    </button>
    <div
      aria-labelledby="offcanvasNavbarLabel"
      class="offcanvas offcanvas-end"
      id="offcanvasNavbar"
    >
      <div
        class="app-nav__header px-4 offcanvas-header"
      >
        <div
          class="offcanvas-title minecrafted minecrafted_bold offcanvas-title h5"
          id="offcanvasNavbarLabel"
        >
          One Bit Dungeon
        </div>
        <button
          aria-label="Close"
          class="btn-close"
          type="button"
        />
      </div>
      <div
        class="p-4 offcanvas-body"
      >
        <ul
          class="justify-content-end flex-grow-1 pe-3 navbar-nav"
        >
          <li
            class="nav-item"
          >
            <a
              aria-current="page"
              class="nav-link d-flex align-items-center active"
              href="/"
            >
              <div
                class="icon me-2"
              >
                <svg
                  class="icon__img"
                  fill="currentColor"
                  height="1em"
                  viewBox="0 0 16 16"
                  width="1em"
                  xmlns="http://www.w3.org/2000/svg"
                >
                  <path
                    d="M3 0a3 3 0 0 0-3 3v10a3 3 0 0 0 3 3h10a3 3 0 0 0 3-3V3a3 3 0 0 0-3-3H3zm2.5 4a1.5 1.5 0 1 1-3 0 1.5 1.5 0 0 1 3 0zm8 8a1.5 1.5 0 1 1-3 0 1.5 1.5 0 0 1 3 0zM8 9.5a1.5 1.5 0 1 1 0-3 1.5 1.5 0 0 1 0 3z"
                  />
                </svg>
              </div>
              <span>
                Играть!
              </span>
            </a>
          </li>
          <li
            class="nav-item"
          >
            <a
              class="nav-link d-flex align-items-center"
              href="/leaderboard"
            >
              <div
                class="icon me-2"
              >
                <svg
                  class="icon__img"
                  fill="currentColor"
                  height="1em"
                  viewBox="0 0 16 16"
                  width="1em"
                  xmlns="http://www.w3.org/2000/svg"
                >
                  <path
                    d="M11 2a1 1 0 0 1 1-1h2a1 1 0 0 1 1 1v12h.5a.5.5 0 0 1 0 1H.5a.5.5 0 0 1 0-1H1v-3a1 1 0 0 1 1-1h2a1 1 0 0 1 1 1v3h1V7a1 1 0 0 1 1-1h2a1 1 0 0 1 1 1v7h1V2z"
                  />
                </svg>
              </div>
              <span>
                Список лидеров
              </span>
            </a>
          </li>
          <li
            class="nav-item"
          >
            <a
              class="nav-link d-flex align-items-center"
              href="/forum"
            >
              <div
                class="icon me-2"
              >
                <svg
                  class="icon__img"
                  fill="currentColor"
                  height="1em"
                  viewBox="0 0 16 16"
                  width="1em"
                  xmlns="http://www.w3.org/2000/svg"
                >
                  <path
                    d="M0 2a2 2 0 0 1 2-2h12a2 2 0 0 1 2 2v8a2 2 0 0 1-2 2H4.414a1 1 0 0 0-.707.293L.854 15.146A.5.5 0 0 1 0 14.793V2zm3.5 1a.5.5 0 0 0 0 1h9a.5.5 0 0 0 0-1h-9zm0 2.5a.5.5 0 0 0 0 1h9a.5.5 0 0 0 0-1h-9zm0 2.5a.5.5 0 0 0 0 1h5a.5.5 0 0 0 0-1h-5z"
                  />
                </svg>
              </div>
              <span>
                Игровой форум
              </span>
            </a>
          </li>
          <li
            class="nav-item"
          >
            <a
              class="nav-link d-flex align-items-center"
              href="/profile"
            >
              <div
                class="icon me-2"
              >
                <svg
                  class="icon__img"
                  fill="currentColor"
                  height="1em"
                  viewBox="0 0 16 16"
                  width="1em"
                  xmlns="http://www.w3.org/2000/svg"
                >
                  <path
                    d="M11 6a3 3 0 1 1-6 0 3 3 0 0 1 6 0z"
                  />
                  <path
                    d="M2 0a2 2 0 0 0-2 2v12a2 2 0 0 0 2 2h12a2 2 0 0 0 2-2V2a2 2 0 0 0-2-2H2zm12 1a1 1 0 0 1 1 1v12a1 1 0 0 1-1 1v-1c0-1-1-4-6-4s-6 3-6 4v1a1 1 0 0 1-1-1V2a1 1 0 0 1 1-1h12z"
                  />
                </svg>
              </div>
              <span>
                Профиль игрока
              </span>
            </a>
          </li>
          <li
            class="nav-item"
          >
            <a
              class="nav-link d-flex align-items-center nav-link"
              data-rr-ui-event-key="#"
              href="#"
              role="button"
              tabindex="0"
            >
              <div
                class="icon me-2"
              >
                <svg
                  class="icon__img"
                  fill="currentColor"
                  height="1em"
                  viewBox="0 0 16 16"
                  width="1em"
                  xmlns="http://www.w3.org/2000/svg"
                >
                  <path
                    d="M2 0a2 2 0 0 0-2 2v12a2 2 0 0 0 2 2h12a2 2 0 0 0 2-2V2a2 2 0 0 0-2-2H2zm3.354 4.646L8 7.293l2.646-2.647a.5.5 0 0 1 .708.708L8.707 8l2.647 2.646a.5.5 0 0 1-.708.708L8 8.707l-2.646 2.647a.5.5 0 0 1-.708-.708L7.293 8 4.646 5.354a.5.5 0 1 1 .708-.708z"
                  />
                </svg>
              </div>
              <span>
                Выход
              </span>
            </a>
          </li>
        </ul>
      </div>
    </div>
  </nav>
</div>
`;
