// Jest Snapshot v1, https://goo.gl/fbAQLP

exports[`#FormGroupView SFormGroupView should to match snapshot 1`] = `
<body>
  <div>
    <div
      class="mb-3"
    >
      <label
        class="form-label"
        for="formName-name"
      >
        label
      </label>
      <input
        class="form-control"
        id="formName-name"
        type="type"
      />
      <div
        class="invalid-feedback"
      >
        undefined
      </div>
    </div>
  </div>
</body>
`;
